date ma 10.10.2016 10.53.40 +0300
hostname lenovo700
system Linux lenovo700 4.4.0-38-generic #57-Ubuntu SMP Tue Sep 6 15:42:33 UTC 2016 x86_64 x86_64 x86_64 GNU/Linux
user lauri
output data in /home/lauri/Dropbox/nomad-dev/nomad-lab-base/parsers/crystal/parser/parser-crystal/crystalparser/regtest/crystal14/single_point/mgo.out
crystal executable in /home/lauri/crystal14/bin/Linux-ifort_XE_openmpi_emt64/v1_0_1
input data in /home/lauri/Dropbox/nomad-dev/nomad-lab-base/parsers/crystal/parser/parser-crystal/crystalparser/regtest/crystal14/single_point/mgo.d12
temporary directory /home/lauri/tmp8613_lauri
TEST11 - MGO BULK
CRYSTAL
0 0 0
 225
4.21
2
 12 0.    0.    0.
  8 0.5   0.5   0.5
END
12  3
 0  0  8  2.  1.
 68371.875      0.0002226
  9699.34009    0.0018982
  2041.176786   0.0110451
   529.862906   0.0500627
   159.186000   0.169123
    54.6848     0.367031
    21.2357     0.400410
     8.74604    0.14987
0 1 6 8. 1.
156.795  -0.00624  0.00772
31.0339  -0.07882  0.06427
9.6453   -0.07992  0.2104
3.7109    0.29063  0.34314
1.61164   0.57164  0.3735
0.64294   0.30664  0.23286
0 1 1 0. 1.
0.4       1.       1.
8 3
0 0 8 2. 1.
4000.    0.00144
1355.58  0.00764
248.545  0.05370
69.5339  0.16818
23.8868  0.36039
9.27593  0.38612
3.82034  0.14712
1.23514  0.07105
0 1 5 8. 1.
52.1878 -0.00873  0.00922
10.3293 -0.08979  0.07068
3.21034 -0.04079  0.20433
1.23514  0.37666  0.34958
0.536420 0.42248  0.27774
0 1 1 0. 1.
0.210000 1.  1.
99   0
END
SHRINK
8 8
FMIXING
30
PPAN
END

         
 *******************************************************************************
 *                                                                             *
 *                               CRYSTAL14                                     *
 *                      public : 1.0.4 - Feb 23rd, 2016                        *
 *                       HTTP://WWW.CRYSTAL.UNITO.IT                           *
 *                                                                             *
 *                              MAIN AUTHORS                                   *
 *                                                                             *
 *  R. DOVESI(1,11), V.R. SAUNDERS(2), C. ROETTI(1,11), R. ORLANDO(1,11),      *
 *  C.M. ZICOVICH-WILSON(1,3), F. PASCALE(4), B. CIVALLERI(1,11),              *
 *  K. DOLL(5), N.M. HARRISON(2,6), I. J. BUSH(7), Ph. D'ARCO(8),              *
 *  M. LLUNELL(9), M. CAUSA'(10), Y. NOEL(8)                                   *
 *                                                                             *
 *        CONTRIBUTIONS TO THE CURRENT RELEASE HAVE BEEN GIVEN BY              *
 *                                                                             *
 *  L. MASCHIO(1,11), S. CASASSA(1,11), A. ERBA(1,11), M. FERRABONE(1,11),     *
 *  M. DE LA PIERRE(1,11), M. FERRERO(1,11), V. LACIVITA(1,11),                *
 *  J. BAIMA(1,11), E. ALBANESE(1,11), M.F. PEINTINGER(12), R. BAST(13),       *
 *  M. RERAT(14), B. KIRTMAN(15), R. DEMICHELIS(1,16)                          *
 *                                                                             *
 * (1) THEORETICAL CHEMISTRY GROUP - UNIVERSITA' DI TORINO - TORINO (ITALY)    *
 *     http://www.crystal.unito.it                                             *
 * (2) COMPUTATIONAL SCIENCE & ENGINEERING DEPARTMENT - STFC DARESBURY (UK)    *
 *     http://www.stfc.ac.uk/CSE/randd/cmg/CRYSTAL/25806.aspx                  *
 * (3) UNIVERSIDAD AUTONOMA DEL ESTADO DE MORELOS - CUERNAVACA (MEXICO)        *
 * (4) UNIVERSITE' DE LORRAINE - NANCY (FRANCE)                                *
 * (5) UNIVERSITAET ULM - ULM (GERMANY); (6) IMPERIAL COLLEGE - LONDON (UK)    *
 * (7) NAG - OXFORD (UK); (8) UPMC - SORBONNE UNIVERSITES - PARIS (FRANCE)     *
 * (9) UNIVERSIDAD DE BARCELONA - BARCELONA (SPAIN)                            *
 *(10) UNIVERSITA' DI NAPOLI "FEDERICO II" - NAPOLI (ITALY)                    *
 *(11) NIS - NANOSTRUCTURED INTERFACES AND SURFACES - TORINO (ITALY)           *
 *(12) MPI FUER CHEMISCHE ENERGIEKONVERSION - MUELHEIM AN DER RUHR (GERMANY)   *
 *(13) UNIVERSITY OF STOCKHOLM - STOCKHOLM (SWEDEN)                            *
 *(14) UNIVERSITE' DE PAU ET DES PAYS DE L'ADOUR - PAU (FRANCE)                *
 *(15) UNIVERSITY OF CALIFORNIA SANTA BARBARA - SANTA BARBARA (USA)            *
 *(16) CURTIN UNIVERSITY - PERTH (AUSTRALIA)                                   *
 *                                                                             *
 ********************************************************************************
 EEEEEEEEEE STARTING  DATE 10 10 2016 TIME 10:53:40.1
 TEST11 - MGO BULK                                                               

 CRYSTAL CALCULATION
 (INPUT ACCORDING TO THE INTERNATIONAL TABLES FOR X-RAY CRYSTALLOGRAPHY)
 CRYSTAL FAMILY                       :  CUBIC       
 CRYSTAL CLASS  (GROTH - 1921)        :  CUBIC HEXAKISOCTAHEDRAL              

 SPACE GROUP (CENTROSYMMETRIC)        :  F M 3 M         

 LATTICE PARAMETERS  (ANGSTROMS AND DEGREES) - CONVENTIONAL CELL
        A           B           C        ALPHA        BETA       GAMMA
     4.21000     4.21000     4.21000    90.00000    90.00000    90.00000


 NUMBER OF IRREDUCIBLE ATOMS IN THE CONVENTIONAL CELL:    2

 INPUT COORDINATES

 ATOM AT. N.              COORDINATES
   1  12     0.000000000000E+00  0.000000000000E+00  0.000000000000E+00
   2   8     5.000000000000E-01  5.000000000000E-01  5.000000000000E-01

 *******************************************************************************

 << INFORMATION >>: FROM NOW ON, ALL COORDINATES REFER TO THE PRIMITIVE CELL

 *******************************************************************************

 LATTICE PARAMETERS  (ANGSTROMS AND DEGREES) - PRIMITIVE CELL
       A          B          C        ALPHA      BETA     GAMMA        VOLUME
    2.97692    2.97692    2.97692    60.00000  60.00000  60.00000     18.654615

 COORDINATES OF THE EQUIVALENT ATOMS (FRACTIONAL UNITS)

 N. ATOM EQUIV AT. N.          X                  Y                  Z

   1   1   1   12 MG    0.00000000000E+00  0.00000000000E+00  0.00000000000E+00

   2   2   1    8 O    -5.00000000000E-01 -5.00000000000E-01 -5.00000000000E-01

 NUMBER OF SYMMETRY OPERATORS         :   48
 *******************************************************************************
 * GEOMETRY EDITING - INPUT COORDINATES ARE GIVEN IN ANGSTROM         
 *******************************************************************************

 GEOMETRY NOW FULLY CONSISTENT WITH THE GROUP

 GCALCO - MAX INDICES DIRECT LATTICE VECTOR    14    14    14
 NO.OF VECTORS CREATED 6999 STARS  105 RMAX    59.53536 BOHR

 GEOMETRY FOR WAVE FUNCTION - DIMENSIONALITY OF THE SYSTEM    3
 (NON PERIODIC DIRECTION: LATTICE PARAMETER FORMALLY SET TO 500)
 *******************************************************************************
 LATTICE PARAMETERS (ANGSTROMS AND DEGREES) - BOHR = 0.5291772083 ANGSTROM
 PRIMITIVE CELL - CENTRING CODE 5/0 VOLUME=    18.654615 - DENSITY  3.559 g/cm^3
         A              B              C           ALPHA      BETA       GAMMA 
     2.97691955     2.97691955     2.97691955    60.000000  60.000000  60.000000
 *******************************************************************************
 ATOMS IN THE ASYMMETRIC UNIT    2 - ATOMS IN THE UNIT CELL:    2
     ATOM              X/A                 Y/B                 Z/C    
 *******************************************************************************
   1 T  12 MG    0.000000000000E+00  0.000000000000E+00  0.000000000000E+00
   2 T   8 O    -5.000000000000E-01 -5.000000000000E-01 -5.000000000000E-01

 TRANSFORMATION MATRIX PRIMITIVE-CRYSTALLOGRAPHIC CELL
 -1.0000  1.0000  1.0000  1.0000 -1.0000  1.0000  1.0000  1.0000 -1.0000

 *******************************************************************************
 CRYSTALLOGRAPHIC CELL (VOLUME=         74.61846100)
         A              B              C           ALPHA      BETA       GAMMA 
     4.21000000     4.21000000     4.21000000    90.000000  90.000000  90.000000

 COORDINATES IN THE CRYSTALLOGRAPHIC CELL
     ATOM              X/A                 Y/B                 Z/C    
 *******************************************************************************
   1 T  12 MG    0.000000000000E+00  0.000000000000E+00  0.000000000000E+00
   2 T   8 O    -5.000000000000E-01 -5.000000000000E-01 -5.000000000000E-01

 T = ATOM BELONGING TO THE ASYMMETRIC UNIT

 ****   48 SYMMOPS - TRANSLATORS IN FRACTIONAL UNITS
 **** MATRICES AND TRANSLATORS IN THE CRYSTALLOGRAPHIC REFERENCE FRAME
   V INV                    ROTATION MATRICES                   TRANSLATORS
   1   1  1.00  0.00  0.00  0.00  1.00  0.00  0.00  0.00  1.00  0.00  0.00  0.00
   2   2  0.00  1.00  0.00  1.00  0.00  0.00 -1.00 -1.00 -1.00  0.00  0.00  0.00
   3   3 -1.00 -1.00 -1.00  0.00  0.00  1.00  0.00  1.00  0.00  0.00  0.00  0.00
   4   4  0.00  0.00  1.00 -1.00 -1.00 -1.00  1.00  0.00  0.00  0.00  0.00  0.00
   5   6  0.00  0.00  1.00  1.00  0.00  0.00  0.00  1.00  0.00  0.00  0.00  0.00
   6   5  0.00  1.00  0.00  0.00  0.00  1.00  1.00  0.00  0.00  0.00  0.00  0.00
   7   8  1.00  0.00  0.00  0.00  0.00  1.00 -1.00 -1.00 -1.00  0.00  0.00  0.00
   8   7  1.00  0.00  0.00 -1.00 -1.00 -1.00  0.00  1.00  0.00  0.00  0.00  0.00
   9  10 -1.00 -1.00 -1.00  0.00  1.00  0.00  1.00  0.00  0.00  0.00  0.00  0.00
  10   9  0.00  0.00  1.00  0.00  1.00  0.00 -1.00 -1.00 -1.00  0.00  0.00  0.00
  11  12  0.00  1.00  0.00 -1.00 -1.00 -1.00  0.00  0.00  1.00  0.00  0.00  0.00
  12  11 -1.00 -1.00 -1.00  1.00  0.00  0.00  0.00  0.00  1.00  0.00  0.00  0.00
  13  13  0.00 -1.00  0.00 -1.00  0.00  0.00  0.00  0.00 -1.00  0.00  0.00  0.00
  14  14 -1.00  0.00  0.00  0.00 -1.00  0.00  1.00  1.00  1.00  0.00  0.00  0.00
  15  16  0.00  0.00 -1.00  1.00  1.00  1.00  0.00 -1.00  0.00  0.00  0.00  0.00
  16  15  1.00  1.00  1.00  0.00  0.00 -1.00 -1.00  0.00  0.00  0.00  0.00  0.00
  17  17 -1.00  0.00  0.00  0.00  0.00 -1.00  0.00 -1.00  0.00  0.00  0.00  0.00
  18  18  0.00  0.00 -1.00  0.00 -1.00  0.00 -1.00  0.00  0.00  0.00  0.00  0.00
  19  21  0.00  0.00 -1.00 -1.00  0.00  0.00  1.00  1.00  1.00  0.00  0.00  0.00
  20  22  1.00  1.00  1.00 -1.00  0.00  0.00  0.00 -1.00  0.00  0.00  0.00  0.00
  21  19  0.00 -1.00  0.00  1.00  1.00  1.00 -1.00  0.00  0.00  0.00  0.00  0.00
  22  20  0.00 -1.00  0.00  0.00  0.00 -1.00  1.00  1.00  1.00  0.00  0.00  0.00
  23  23  1.00  1.00  1.00  0.00 -1.00  0.00  0.00  0.00 -1.00  0.00  0.00  0.00
  24  24 -1.00  0.00  0.00  1.00  1.00  1.00  0.00  0.00 -1.00  0.00  0.00  0.00
  25  25 -1.00  0.00  0.00  0.00 -1.00  0.00  0.00  0.00 -1.00  0.00  0.00  0.00
  26  26  0.00 -1.00  0.00 -1.00  0.00  0.00  1.00  1.00  1.00  0.00  0.00  0.00
  27  27  1.00  1.00  1.00  0.00  0.00 -1.00  0.00 -1.00  0.00  0.00  0.00  0.00
  28  28  0.00  0.00 -1.00  1.00  1.00  1.00 -1.00  0.00  0.00  0.00  0.00  0.00
  29  30  0.00  0.00 -1.00 -1.00  0.00  0.00  0.00 -1.00  0.00  0.00  0.00  0.00
  30  29  0.00 -1.00  0.00  0.00  0.00 -1.00 -1.00  0.00  0.00  0.00  0.00  0.00
  31  32 -1.00  0.00  0.00  0.00  0.00 -1.00  1.00  1.00  1.00  0.00  0.00  0.00
  32  31 -1.00  0.00  0.00  1.00  1.00  1.00  0.00 -1.00  0.00  0.00  0.00  0.00
  33  34  1.00  1.00  1.00  0.00 -1.00  0.00 -1.00  0.00  0.00  0.00  0.00  0.00
  34  33  0.00  0.00 -1.00  0.00 -1.00  0.00  1.00  1.00  1.00  0.00  0.00  0.00
  35  36  0.00 -1.00  0.00  1.00  1.00  1.00  0.00  0.00 -1.00  0.00  0.00  0.00
  36  35  1.00  1.00  1.00 -1.00  0.00  0.00  0.00  0.00 -1.00  0.00  0.00  0.00
  37  37  0.00  1.00  0.00  1.00  0.00  0.00  0.00  0.00  1.00  0.00  0.00  0.00
  38  38  1.00  0.00  0.00  0.00  1.00  0.00 -1.00 -1.00 -1.00  0.00  0.00  0.00
  39  40  0.00  0.00  1.00 -1.00 -1.00 -1.00  0.00  1.00  0.00  0.00  0.00  0.00
  40  39 -1.00 -1.00 -1.00  0.00  0.00  1.00  1.00  0.00  0.00  0.00  0.00  0.00
  41  41  1.00  0.00  0.00  0.00  0.00  1.00  0.00  1.00  0.00  0.00  0.00  0.00
  42  42  0.00  0.00  1.00  0.00  1.00  0.00  1.00  0.00  0.00  0.00  0.00  0.00
  43  45  0.00  0.00  1.00  1.00  0.00  0.00 -1.00 -1.00 -1.00  0.00  0.00  0.00
  44  46 -1.00 -1.00 -1.00  1.00  0.00  0.00  0.00  1.00  0.00  0.00  0.00  0.00
  45  43  0.00  1.00  0.00 -1.00 -1.00 -1.00  1.00  0.00  0.00  0.00  0.00  0.00
  46  44  0.00  1.00  0.00  0.00  0.00  1.00 -1.00 -1.00 -1.00  0.00  0.00  0.00
  47  47 -1.00 -1.00 -1.00  0.00  1.00  0.00  0.00  0.00  1.00  0.00  0.00  0.00
  48  48  1.00  0.00  0.00 -1.00 -1.00 -1.00  0.00  0.00  1.00  0.00  0.00  0.00

 DIRECT LATTICE VECTORS CARTESIAN COMPONENTS (ANGSTROM)
          X                    Y                    Z
   0.000000000000E+00   0.210500000000E+01   0.210500000000E+01
   0.210500000000E+01   0.000000000000E+00   0.210500000000E+01
   0.210500000000E+01   0.210500000000E+01   0.000000000000E+00


 CARTESIAN COORDINATES - PRIMITIVE CELL
 *******************************************************************************
 *      ATOM          X(ANGSTROM)         Y(ANGSTROM)         Z(ANGSTROM)
 *******************************************************************************
    1    12 MG    0.000000000000E+00  0.000000000000E+00  0.000000000000E+00
    2     8 O     2.105000000000E+00  2.105000000000E+00  2.105000000000E+00

 *******************************************************************************
 LOCAL ATOMIC FUNCTIONS BASIS SET
 *******************************************************************************
   ATOM   X(AU)   Y(AU)   Z(AU)  N. TYPE  EXPONENT  S COEF   P COEF   D/F/G COEF
 *******************************************************************************
   1 MG   0.000   0.000   0.000
                                  1 S  
                                         6.837E+04 2.226E-04 0.000E+00 0.000E+00
                                         9.699E+03 1.898E-03 0.000E+00 0.000E+00
                                         2.041E+03 1.105E-02 0.000E+00 0.000E+00
                                         5.299E+02 5.006E-02 0.000E+00 0.000E+00
                                         1.592E+02 1.691E-01 0.000E+00 0.000E+00
                                         5.468E+01 3.670E-01 0.000E+00 0.000E+00
                                         2.124E+01 4.004E-01 0.000E+00 0.000E+00
                                         8.746E+00 1.499E-01 0.000E+00 0.000E+00
                             2-   5 SP 
                                         1.568E+02-6.240E-03 7.720E-03 0.000E+00
                                         3.103E+01-7.882E-02 6.427E-02 0.000E+00
                                         9.645E+00-7.992E-02 2.104E-01 0.000E+00
                                         3.711E+00 2.906E-01 3.431E-01 0.000E+00
                                         1.612E+00 5.716E-01 3.735E-01 0.000E+00
                                         6.429E-01 3.066E-01 2.329E-01 0.000E+00
                             6-   9 SP 
                                         4.000E-01 1.000E+00 1.000E+00 0.000E+00
   2 O    3.978   3.978   3.978
                                 10 S  
                                         4.000E+03 1.440E-03 0.000E+00 0.000E+00
                                         1.356E+03 7.640E-03 0.000E+00 0.000E+00
                                         2.485E+02 5.370E-02 0.000E+00 0.000E+00
                                         6.953E+01 1.682E-01 0.000E+00 0.000E+00
                                         2.389E+01 3.604E-01 0.000E+00 0.000E+00
                                         9.276E+00 3.861E-01 0.000E+00 0.000E+00
                                         3.820E+00 1.471E-01 0.000E+00 0.000E+00
                                         1.235E+00 7.105E-02 0.000E+00 0.000E+00
                            11-  14 SP 
                                         5.219E+01-8.730E-03 9.220E-03 0.000E+00
                                         1.033E+01-8.979E-02 7.068E-02 0.000E+00
                                         3.210E+00-4.079E-02 2.043E-01 0.000E+00
                                         1.235E+00 3.767E-01 3.496E-01 0.000E+00
                                         5.364E-01 4.225E-01 2.777E-01 0.000E+00
                            15-  18 SP 
                                         2.100E-01 1.000E+00 1.000E+00 0.000E+00
 INFORMATION **** SET_MPP **** PCRYSTAL CALCULATION
 INFORMATION **** READM2 **** NEW DEFAULT: FOCK/KS MATRIX MIXING SET TO 30 %
 INFORMATION **** READM2 **** NEW DEFAULT: FULL DIRECT SCF MODE
 INFORMATION **** READM2 **** NEW DEFAULT: COULOMB BIPOLAR BUFFER SET TO 32 Mb
 INFORMATION **** READM2 **** NEW DEFAULT: EXCHANGE BIPOLAR BUFFER SET TO 32 Mb
 INFORMATION **** PPAN ****  MULLIKEN POPULATION ANALYSIS AT THE END OF SCF
 *******************************************************************************
 N. OF ATOMS PER CELL         2  COULOMB OVERLAP TOL         (T1) 10**   -6
 NUMBER OF SHELLS             6  COULOMB PENETRATION TOL     (T2) 10**   -6
 NUMBER OF AO                18  EXCHANGE OVERLAP TOL        (T3) 10**   -6
 N. OF ELECTRONS PER CELL    20  EXCHANGE PSEUDO OVP (F(G))  (T4) 10**   -6
 CORE ELECTRONS PER CELL     12  EXCHANGE PSEUDO OVP (P(G))  (T5) 10**  -12
 N. OF SYMMETRY OPERATORS    48  POLE ORDER IN MONO ZONE                  4
 *******************************************************************************
 TYPE OF CALCULATION :  RESTRICTED CLOSED SHELL
 HARTREE-FOCK HAMILTONIAN

 CAPPA:IS1  8;IS2  8;IS3  8; K PTS MONK NET  29; SYMMOPS:K SPACE  48;G SPACE  48

 *******************************************************************************
 MAX NUMBER OF SCF CYCLES      50  CONVERGENCE ON DELTAP        10**-16
 WEIGHT OF F(I) IN F(I+1)      30% CONVERGENCE ON ENERGY        10**- 6
 SHRINK. FACT.(MONKH.)    8  8  8  NUMBER OF K POINTS IN THE IBZ     29
 SHRINKING FACTOR(GILAT NET)    8  NUMBER OF K POINTS(GILAT NET)     29
 *******************************************************************************
 *** K POINTS COORDINATES (OBLIQUE COORDINATES IN UNITS OF IS =  8)
   1-R(  0  0  0)   2-C(  1  0  0)   3-C(  2  0  0)   4-C(  3  0  0)
   5-R(  4  0  0)   6-C(  1  1  0)   7-C(  2  1  0)   8-C(  3  1  0)
   9-C(  4  1  0)  10-C(  5  1  0)  11-C(  6  1  0)  12-C(  7  1  0)
  13-C(  2  2  0)  14-C(  3  2  0)  15-C(  4  2  0)  16-C(  5  2  0)
  17-C(  6  2  0)  18-C(  3  3  0)  19-C(  4  3  0)  20-C(  5  3  0)
  21-R(  4  4  0)  22-C(  3  2  1)  23-C(  4  2  1)  24-C(  5  2  1)
  25-C(  4  3  1)  26-C(  5  3  1)  27-C(  6  3  1)  28-C(  5  4  1)
  29-C(  6  4  2)

 DIRECT LATTICE VECTORS COMPON. (A.U.)     RECIP. LATTICE VECTORS COMPON. (A.U.) 
        X            Y            Z              X            Y            Z
    0.0000000    3.9778735    3.9778735     -0.7897669    0.7897669    0.7897669
    3.9778735    0.0000000    3.9778735      0.7897669   -0.7897669    0.7897669
    3.9778735    3.9778735    0.0000000      0.7897669    0.7897669   -0.7897669

 DISK SPACE FOR EIGENVECTORS (FTN 10)       17820 REALS

 SYMMETRY ADAPTION OF THE BLOCH FUNCTIONS ENABLED

 MATRIX SIZE: P(G)   17290, F(G)    3362, P(G) IRR     864, F(G) IRR     470
 MAX G-VECTOR INDEX FOR 1- AND 2-ELECTRON INTEGRALS 247

 TTTTTTTTTTTTTTTTTTTTTTTTTTTTTT INPUT       TELAPSE        0.02 TCPU        0.01

 NEIGHBORS OF THE NON-EQUIVALENT ATOMS

 N = NUMBER OF NEIGHBORS AT DISTANCE R
    ATOM  N     R/ANG      R/AU   NEIGHBORS (ATOM LABELS AND CELL INDICES)
   1 MG   6     2.1050     3.9779    2 O   -1 0 0    2 O    0-1 0    2 O    0 0-1
                                     2 O   -1-1 0    2 O   -1 0-1    2 O    0-1-1
   1 MG  12     2.9769     5.6256    1 MG  -1 0 0    1 MG   1 0 0    1 MG  -1 0 1
                                     1 MG   1 0-1    1 MG  -1 1 0    1 MG   1-1 0
                                     1 MG   0-1 0    1 MG   0 1 0    1 MG   0-1 1
                                     1 MG   0 1-1    1 MG   0 0-1    1 MG   0 0 1
   1 MG   8     3.6460     6.8899    2 O    0 0 0    2 O   -1-1 1    2 O   -1 1-1
                                     2 O    1-1-1    2 O   -2 0 0    2 O    0-2 0
                                     2 O    0 0-2    2 O   -1-1-1
   1 MG   6     4.2100     7.9557    1 MG  -1-1 1    1 MG   1 1-1    1 MG  -1 1-1
                                     1 MG   1-1 1    1 MG  -1 1 1    1 MG   1-1-1
   1 MG  24     4.7069     8.8948    2 O    1 0-1    2 O   -1 0 1    2 O    1-1 0
                                     2 O   -1 1 0    2 O    0 1-1    2 O    0-1 1
                                     2 O   -2 0 1    2 O   -2 1 0    2 O    1 0-2
                                     2 O    1-2 0    2 O    0-2 1    2 O    0 1-2
                                     2 O   -2-1 1    2 O   -2 1-1    2 O   -1-2 1
                                     2 O   -1 1-2    2 O    1-1-2    2 O    1-2-1
                                     2 O   -2-1 0    2 O   -2 0-1    2 O   -1-2 0
                                     2 O   -1 0-2    2 O    0-2-1    2 O    0-1-2
   1 MG  24     5.1562     9.7438    1 MG  -2 0 1    1 MG   2 0-1    1 MG  -2 1 0
                                     1 MG   2-1 0    1 MG  -2 1 1    1 MG   2-1-1
                                     1 MG  -1-1 0    1 MG   1 1 0    1 MG  -1-1 2
                                     1 MG   1 1-2    1 MG  -1 0-1    1 MG   1 0 1
                                     1 MG  -1 0 2    1 MG   1 0-2    1 MG  -1 2-1
                                     1 MG   1-2 1    1 MG  -1 2 0    1 MG   1-2 0
                                     1 MG   0-2 1    1 MG   0 2-1    1 MG   0-1-1
                                     1 MG   0 1 1    1 MG   0-1 2    1 MG   0 1-2

   2 O    6     2.1050     3.9779    1 MG   1 0 0    1 MG   0 1 0    1 MG   0 0 1
                                     1 MG   1 1 0    1 MG   1 0 1    1 MG   0 1 1
   2 O   12     2.9769     5.6256    2 O   -1 0 0    2 O    1 0 0    2 O   -1 0 1
                                     2 O    1 0-1    2 O   -1 1 0    2 O    1-1 0
                                     2 O    0-1 0    2 O    0 1 0    2 O    0-1 1
                                     2 O    0 1-1    2 O    0 0-1    2 O    0 0 1
   2 O    8     3.6460     6.8899    1 MG   0 0 0    1 MG   1 1-1    1 MG   1-1 1
                                     1 MG  -1 1 1    1 MG   2 0 0    1 MG   0 2 0
                                     1 MG   0 0 2    1 MG   1 1 1
   2 O    6     4.2100     7.9557    2 O   -1-1 1    2 O    1 1-1    2 O   -1 1-1
                                     2 O    1-1 1    2 O   -1 1 1    2 O    1-1-1
   2 O   24     4.7069     8.8948    1 MG  -1 0 1    1 MG   1 0-1    1 MG  -1 1 0
                                     1 MG   1-1 0    1 MG   0-1 1    1 MG   0 1-1
                                     1 MG   2 0-1    1 MG   2-1 0    1 MG  -1 0 2
                                     1 MG  -1 2 0    1 MG   0 2-1    1 MG   0-1 2
                                     1 MG   2 1-1    1 MG   2-1 1    1 MG   1 2-1
                                     1 MG   1-1 2    1 MG  -1 1 2    1 MG  -1 2 1
                                     1 MG   2 1 0    1 MG   2 0 1    1 MG   1 2 0
                                     1 MG   1 0 2    1 MG   0 2 1    1 MG   0 1 2
   2 O   24     5.1562     9.7438    2 O   -2 0 1    2 O    2 0-1    2 O   -2 1 0
                                     2 O    2-1 0    2 O   -2 1 1    2 O    2-1-1
                                     2 O   -1-1 0    2 O    1 1 0    2 O   -1-1 2
                                     2 O    1 1-2    2 O   -1 0-1    2 O    1 0 1
                                     2 O   -1 0 2    2 O    1 0-2    2 O   -1 2-1
                                     2 O    1-2 1    2 O   -1 2 0    2 O    1-2 0
                                     2 O    0-2 1    2 O    0 2-1    2 O    0-1-1
                                     2 O    0 1 1    2 O    0-1 2    2 O    0 1-2


 THERE ARE NO SYMMETRY ALLOWED DIRECTIONS
 TTTTTTTTTTTTTTTTTTTTTTTTTTTTTT SYMM        TELAPSE        0.03 TCPU        0.02
 TTTTTTTTTTTTTTTTTTTTTTTTTTTTTT INT_SCREEN  TELAPSE        0.03 TCPU        0.02
 INFORMATION **** EXCBUF **** EXCH. BIPO BUFFER: WORDS USED =      102474
 TTTTTTTTTTTTTTTTTTTTTTTTTTTTTT INT_CALC    TELAPSE        0.06 TCPU        0.05
 EEEEEEEEEE INT_CALC TERMINATION  DATE 10 10 2016 TIME 10:53:40.1

 *******************************************************************************
 TEST11 - MGO BULK                                                               
 CRYSTAL - SCF - TYPE OF CALCULATION :  RESTRICTED CLOSED SHELL
 *******************************************************************************

 CAPPA:IS1  8;IS2  8;IS3  8; K PTS MONK NET  29; SYMMOPS:K SPACE  48;G SPACE  48

 TTTTTTTTTTTTTTTTTTTTTTTTTTTTTT SDIK        TELAPSE        0.06 TCPU        0.05

 AAAAAAAAAAAAAAAAAAAAAAAAAAAAAAAAAAAAAAAAAAAAAAAAAAAAAAAAAAAAAAAAAAAAAAAAAAAAAAA
         ATOMIC WAVEFUNCTION(S)


 NUCLEAR CHARGE 12.0  SYMMETRY SPECIES            S    P
 N. ELECTRONS   10.0  NUMBER OF PRIMITIVE GTOS   15    7
                      NUMBER OF CONTRACTED GTOS   3    2
                      NUMBER OF CLOSED SHELLS     2    1
                      OPEN SHELL OCCUPATION       0    0

  ZNUC SCFIT  TOTAL HF ENERGY   KINETIC ENERGY   VIRIAL THEOREM ACCURACY
  12.0   6   -1.988200719E+02  1.987325169E+02 -2.000440567E+00  1.3E-06

 NUCLEAR CHARGE  8.0  SYMMETRY SPECIES            S    P
 N. ELECTRONS   10.0  NUMBER OF PRIMITIVE GTOS   14    6
                      NUMBER OF CONTRACTED GTOS   3    2
                      NUMBER OF CLOSED SHELLS     2    1
                      OPEN SHELL OCCUPATION       0    0

  ZNUC SCFIT  TOTAL HF ENERGY   KINETIC ENERGY   VIRIAL THEOREM ACCURACY
   8.0  37   -7.429054355E+01  7.468454787E+01 -1.994724420E+00  4.5E-06

 AAAAAAAAAAAAAAAAAAAAAAAAAAAAAAAAAAAAAAAAAAAAAAAAAAAAAAAAAAAAAAAAAAAAAAAAAAAAAAA

 CHARGE NORMALIZATION FACTOR   1.00000000
 TOTAL ATOMIC CHARGES:
  10.0000000  10.0000000
 TTTTTTTTTTTTTTTTTTTTTTTTTTTTTT MOQGAD      TELAPSE        0.07 TCPU        0.06
 TTTTTTTTTTTTTTTTTTTTTTTTTTTTTT SHELLX2     TELAPSE        0.44 TCPU        0.43
 TTTTTTTTTTTTTTTTTTTTTTTTTTTTTT MONMO3      TELAPSE        0.45 TCPU        0.43
 CYC   0 ETOT(AU) -2.750919138897E+02 DETOT -2.75E+02 tst  0.00E+00 PX  1.00E+00
 TTTTTTTTTTTTTTTTTTTTTTTTTTTTTT FDIK        TELAPSE        0.45 TCPU        0.44
 INSULATING STATE
 TOP OF VALENCE BANDS -    BAND     10; K    1; EIG -3.4527266E-01 AU
 BOTTOM OF VIRTUAL BANDS - BAND     11; K    1; EIG  3.7948795E-01 AU
 TTTTTTTTTTTTTTTTTTTTTTTTTTTTTT PDIG        TELAPSE        0.45 TCPU        0.44
 CHARGE NORMALIZATION FACTOR   1.00000000
 TOTAL ATOMIC CHARGES:
  10.0158876   9.9841124
 TTTTTTTTTTTTTTTTTTTTTTTTTTTTTT MOQGAD      TELAPSE        0.45 TCPU        0.44
 TTTTTTTTTTTTTTTTTTTTTTTTTTTTTT SHELLX2     TELAPSE        0.83 TCPU        0.81
 TTTTTTTTTTTTTTTTTTTTTTTTTTTTTT MONMO3      TELAPSE        0.83 TCPU        0.82
 CYC   1 ETOT(AU) -2.746574695516E+02 DETOT  4.34E-01 tst  0.00E+00 PX  1.00E+00
 TTTTTTTTTTTTTTTTTTTTTTTTTTTTTT FDIK        TELAPSE        0.83 TCPU        0.82
 INSULATING STATE
 TOP OF VALENCE BANDS -    BAND     10; K    1; EIG -2.9113133E-01 AU
 BOTTOM OF VIRTUAL BANDS - BAND     11; K    1; EIG  4.2525606E-01 AU
 TTTTTTTTTTTTTTTTTTTTTTTTTTTTTT PDIG        TELAPSE        0.84 TCPU        0.82
 CHARGE NORMALIZATION FACTOR   1.00000000
 TOTAL ATOMIC CHARGES:
  10.0210011   9.9789989
 TTTTTTTTTTTTTTTTTTTTTTTTTTTTTT MOQGAD      TELAPSE        0.84 TCPU        0.82
 TTTTTTTTTTTTTTTTTTTTTTTTTTTTTT SHELLX2     TELAPSE        1.21 TCPU        1.20
 TTTTTTTTTTTTTTTTTTTTTTTTTTTTTT MONMO3      TELAPSE        1.22 TCPU        1.20
 CYC   2 ETOT(AU) -2.746640324460E+02 DETOT -6.56E-03 tst  8.06E-04 PX  6.00E-02
 TTTTTTTTTTTTTTTTTTTTTTTTTTTTTT FDIK        TELAPSE        1.22 TCPU        1.20
 INSULATING STATE
 TOP OF VALENCE BANDS -    BAND     10; K    1; EIG -3.0867602E-01 AU
 BOTTOM OF VIRTUAL BANDS - BAND     11; K    1; EIG  4.1808673E-01 AU
 TTTTTTTTTTTTTTTTTTTTTTTTTTTTTT PDIG        TELAPSE        1.22 TCPU        1.20
 CHARGE NORMALIZATION FACTOR   1.00000000
 TOTAL ATOMIC CHARGES:
  10.0208540   9.9791460
 TTTTTTTTTTTTTTTTTTTTTTTTTTTTTT MOQGAD      TELAPSE        1.22 TCPU        1.21
 TTTTTTTTTTTTTTTTTTTTTTTTTTTTTT SHELLX2     TELAPSE        1.59 TCPU        1.58
 TTTTTTTTTTTTTTTTTTTTTTTTTTTTTT MONMO3      TELAPSE        1.60 TCPU        1.59
 CYC   3 ETOT(AU) -2.746641861817E+02 DETOT -1.54E-04 tst  1.98E-05 PX  8.52E-03
 TTTTTTTTTTTTTTTTTTTTTTTTTTTTTT FDIK        TELAPSE        1.60 TCPU        1.59
 INSULATING STATE
 TOP OF VALENCE BANDS -    BAND     10; K    1; EIG -3.0907413E-01 AU
 BOTTOM OF VIRTUAL BANDS - BAND     11; K    1; EIG  4.1955914E-01 AU
 TTTTTTTTTTTTTTTTTTTTTTTTTTTTTT PDIG        TELAPSE        1.60 TCPU        1.59
 CHARGE NORMALIZATION FACTOR   1.00000000
 TOTAL ATOMIC CHARGES:
  10.0210047   9.9789953
 TTTTTTTTTTTTTTTTTTTTTTTTTTTTTT MOQGAD      TELAPSE        1.61 TCPU        1.59
 TTTTTTTTTTTTTTTTTTTTTTTTTTTTTT SHELLX2     TELAPSE        1.98 TCPU        1.97
 TTTTTTTTTTTTTTTTTTTTTTTTTTTTTT MONMO3      TELAPSE        1.99 TCPU        1.98
 CYC   4 ETOT(AU) -2.746641917324E+02 DETOT -5.55E-06 tst  7.07E-07 PX  2.67E-03
 TTTTTTTTTTTTTTTTTTTTTTTTTTTTTT FDIK        TELAPSE        1.99 TCPU        1.98
 INSULATING STATE
 TOP OF VALENCE BANDS -    BAND     10; K    1; EIG -3.0984547E-01 AU
 BOTTOM OF VIRTUAL BANDS - BAND     11; K    1; EIG  4.1975334E-01 AU
 TTTTTTTTTTTTTTTTTTTTTTTTTTTTTT PDIG        TELAPSE        1.99 TCPU        1.98
 CHARGE NORMALIZATION FACTOR   1.00000000
 TOTAL ATOMIC CHARGES:
  10.0210059   9.9789941
 TTTTTTTTTTTTTTTTTTTTTTTTTTTTTT MOQGAD      TELAPSE        2.00 TCPU        1.98
 TTTTTTTTTTTTTTTTTTTTTTTTTTTTTT SHELLX2     TELAPSE        2.38 TCPU        2.37
 TTTTTTTTTTTTTTTTTTTTTTTTTTTTTT MONMO3      TELAPSE        2.39 TCPU        2.38
 CYC   5 ETOT(AU) -2.746641919730E+02 DETOT -2.41E-07 tst  7.58E-08 PX  6.47E-04
 TTTTTTTTTTTTTTTTTTTTTTTTTTTTTT FDIK        TELAPSE        2.39 TCPU        2.38
 INSULATING STATE
 TOP OF VALENCE BANDS -    BAND     10; K    1; EIG -3.0997922E-01 AU
 BOTTOM OF VIRTUAL BANDS - BAND     11; K    1; EIG  4.1995443E-01 AU
 TTTTTTTTTTTTTTTTTTTTTTTTTTTTTT PDIG        TELAPSE        2.39 TCPU        2.38
 CHARGE NORMALIZATION FACTOR   1.00000000
 TOTAL ATOMIC CHARGES:
  10.0210031   9.9789969
 TTTTTTTTTTTTTTTTTTTTTTTTTTTTTT MOQGAD      TELAPSE        2.39 TCPU        2.38
 TTTTTTTTTTTTTTTTTTTTTTTTTTTTTT SHELLX2     TELAPSE        2.81 TCPU        2.80
 +++ ENERGIES IN A.U. +++
 ::: EXT EL-POLE                                  -5.2914791274157E+02
 ::: EXT EL-SPHEROPOLE                             3.9924168445259E+00
 ::: BIELET ZONE E-E                               5.7175063847327E+02
 ::: TOTAL E-E                                     4.6595142576230E+01
 ::: TOTAL E-N + N-E                              -5.2283101954877E+02
 ::: TOTAL N-N                                    -7.3084276676762E+01
 ::: KINETIC ENERGY                                2.7465596172356E+02
 ::: TOTAL   ENERGY                               -2.7466419192575E+02
 ::: VIRIAL COEFFICIENT                            9.9998501747636E-01
 TTTTTTTTTTTTTTTTTTTTTTTTTTTTTT MONMO3      TELAPSE        2.82 TCPU        2.81
 CYC   6 ETOT(AU) -2.746641919257E+02 DETOT  4.72E-08 tst  1.47E-08 PX  6.47E-04

 == SCF ENDED - CONVERGENCE ON ENERGY      E(AU) -2.7466419192575E+02 CYCLES   6

 TOTAL ENERGY(HF)(AU)(   6) -2.7466419192575E+02 DE 4.7E-08 tst 1.5E-08 PX 6.5E-04

 NEIGHBORS OF THE NON-EQUIVALENT ATOMS

 N = NUMBER OF NEIGHBORS AT DISTANCE R
    ATOM  N     R/ANG      R/AU   NEIGHBORS (ATOM LABELS AND CELL INDICES)
   1 MG   6     2.1050     3.9779    2 O   -1 0 0    2 O    0-1 0    2 O    0 0-1
                                     2 O   -1-1 0    2 O   -1 0-1    2 O    0-1-1
   1 MG  12     2.9769     5.6256    1 MG  -1 0 0    1 MG   1 0 0    1 MG  -1 0 1
                                     1 MG   1 0-1    1 MG  -1 1 0    1 MG   1-1 0
                                     1 MG   0-1 0    1 MG   0 1 0    1 MG   0-1 1
                                     1 MG   0 1-1    1 MG   0 0-1    1 MG   0 0 1
   1 MG   8     3.6460     6.8899    2 O    0 0 0    2 O   -1-1 1    2 O   -1 1-1
                                     2 O    1-1-1    2 O   -2 0 0    2 O    0-2 0
                                     2 O    0 0-2    2 O   -1-1-1
   1 MG   6     4.2100     7.9557    1 MG  -1-1 1    1 MG   1 1-1    1 MG  -1 1-1
                                     1 MG   1-1 1    1 MG  -1 1 1    1 MG   1-1-1
   1 MG  24     4.7069     8.8948    2 O    1 0-1    2 O   -1 0 1    2 O    1-1 0
                                     2 O   -1 1 0    2 O    0 1-1    2 O    0-1 1
                                     2 O   -2 0 1    2 O   -2 1 0    2 O    1 0-2
                                     2 O    1-2 0    2 O    0-2 1    2 O    0 1-2
                                     2 O   -2-1 1    2 O   -2 1-1    2 O   -1-2 1
                                     2 O   -1 1-2    2 O    1-1-2    2 O    1-2-1
                                     2 O   -2-1 0    2 O   -2 0-1    2 O   -1-2 0
                                     2 O   -1 0-2    2 O    0-2-1    2 O    0-1-2
   1 MG  24     5.1562     9.7438    1 MG  -2 0 1    1 MG   2 0-1    1 MG  -2 1 0
                                     1 MG   2-1 0    1 MG  -2 1 1    1 MG   2-1-1
                                     1 MG  -1-1 0    1 MG   1 1 0    1 MG  -1-1 2
                                     1 MG   1 1-2    1 MG  -1 0-1    1 MG   1 0 1
                                     1 MG  -1 0 2    1 MG   1 0-2    1 MG  -1 2-1
                                     1 MG   1-2 1    1 MG  -1 2 0    1 MG   1-2 0
                                     1 MG   0-2 1    1 MG   0 2-1    1 MG   0-1-1
                                     1 MG   0 1 1    1 MG   0-1 2    1 MG   0 1-2

   2 O    6     2.1050     3.9779    1 MG   1 0 0    1 MG   0 1 0    1 MG   0 0 1
                                     1 MG   1 1 0    1 MG   1 0 1    1 MG   0 1 1
   2 O   12     2.9769     5.6256    2 O   -1 0 0    2 O    1 0 0    2 O   -1 0 1
                                     2 O    1 0-1    2 O   -1 1 0    2 O    1-1 0
                                     2 O    0-1 0    2 O    0 1 0    2 O    0-1 1
                                     2 O    0 1-1    2 O    0 0-1    2 O    0 0 1
   2 O    8     3.6460     6.8899    1 MG   0 0 0    1 MG   1 1-1    1 MG   1-1 1
                                     1 MG  -1 1 1    1 MG   2 0 0    1 MG   0 2 0
                                     1 MG   0 0 2    1 MG   1 1 1
   2 O    6     4.2100     7.9557    2 O   -1-1 1    2 O    1 1-1    2 O   -1 1-1
                                     2 O    1-1 1    2 O   -1 1 1    2 O    1-1-1
   2 O   24     4.7069     8.8948    1 MG  -1 0 1    1 MG   1 0-1    1 MG  -1 1 0
                                     1 MG   1-1 0    1 MG   0-1 1    1 MG   0 1-1
                                     1 MG   2 0-1    1 MG   2-1 0    1 MG  -1 0 2
                                     1 MG  -1 2 0    1 MG   0 2-1    1 MG   0-1 2
                                     1 MG   2 1-1    1 MG   2-1 1    1 MG   1 2-1
                                     1 MG   1-1 2    1 MG  -1 1 2    1 MG  -1 2 1
                                     1 MG   2 1 0    1 MG   2 0 1    1 MG   1 2 0
                                     1 MG   1 0 2    1 MG   0 2 1    1 MG   0 1 2
   2 O   24     5.1562     9.7438    2 O   -2 0 1    2 O    2 0-1    2 O   -2 1 0
                                     2 O    2-1 0    2 O   -2 1 1    2 O    2-1-1
                                     2 O   -1-1 0    2 O    1 1 0    2 O   -1-1 2
                                     2 O    1 1-2    2 O   -1 0-1    2 O    1 0 1
                                     2 O   -1 0 2    2 O    1 0-2    2 O   -1 2-1
                                     2 O    1-2 1    2 O   -1 2 0    2 O    1-2 0
                                     2 O    0-2 1    2 O    0 2-1    2 O    0-1-1
                                     2 O    0 1 1    2 O    0-1 2    2 O    0 1-2

 TTTTTTTTTTTTTTTTTTTTTTTTTTTTTT AFTER FIRST TELAPSE        2.82 TCPU        2.81
 MMMMMMMMMMMMMMMMMMMMMMMMMMMMMMMMMMMMMMMMMMMMMMMMMMMMMMMMMMMMMMMMMMMMMMMMMMMMMMM
     ALPHA+BETA ELECTRONS
 MULLIKEN POPULATION ANALYSIS - NO. OF ELECTRONS   20.000000

  ATOM    Z CHARGE  A.O. POPULATION

   1 MG  12 10.021  2.000  1.999  1.995  1.995  1.995  0.006  0.010  0.010
                    0.010
   2 O    8  9.979  2.007  1.176  1.147  1.147  1.147  0.820  0.845  0.845
                    0.845

  ATOM    Z CHARGE  SHELL POPULATION

   1 MG  12 10.021  2.000  7.986  0.035
   2 O    8  9.979  2.007  4.617  3.355

 OVERLAP POPULATION CONDENSED TO ATOMS FOR FIRST   6 NEIGHBORS

 ATOM A   1 MG   ATOM B     CELL      R(AB)/AU R(AB)/ANG    OVPOP(AB)
                  2 O    ( -1  0  0)     3.978     2.105    -0.011
                  1 MG   ( -1  0  0)     5.626     2.977    -0.000
                  2 O    (  0  0  0)     6.890     3.646     0.000
                  1 MG   ( -1 -1  1)     7.956     4.210    -0.000
                  2 O    (  1  0 -1)     8.895     4.707     0.000
                  1 MG   ( -2  0  1)     9.744     5.156     0.000

 ATOM A   2 O    ATOM B     CELL      R(AB)/AU R(AB)/ANG    OVPOP(AB)
                  1 MG   (  1  0  0)     3.978     2.105    -0.011
                  2 O    ( -1  0  0)     5.626     2.977    -0.013
                  1 MG   (  0  0  0)     6.890     3.646     0.000
                  2 O    ( -1 -1  1)     7.956     4.210     0.000
                  1 MG   ( -1  0  1)     8.895     4.707     0.000
                  2 O    ( -2  0  1)     9.744     5.156    -0.000
 EIGENVECTORS IN FORTRAN UNIT  8
 TTTTTTTTTTTTTTTTTTTTTTTTTTTTTT END         TELAPSE        2.83 TCPU        2.81
 EEEEEEEEEE TERMINATION  DATE 10 10 2016 TIME 10:53:42.9
ma 10.10.2016 10.53.42 +0300
Contents of temporary directory:
total 640
-rw-rw-r-- 1 lauri lauri  76240 loka  10 10:53 fort.10
-rw-rw-r-- 1 lauri lauri   3768 loka  10 10:53 fort.11
-rw-rw-r-- 1 lauri lauri  26904 loka  10 10:53 fort.3
-rw-rw-r-- 1 lauri lauri  28464 loka  10 10:53 fort.61
-rw-rw-r-- 1 lauri lauri  18240 loka  10 10:53 fort.62
-rw-rw-r-- 1 lauri lauri  76240 loka  10 10:53 fort.8
-rw-rw-r-- 1 lauri lauri 111828 loka  10 10:53 fort.9
-rw-rw-r-- 1 lauri lauri   8536 loka  10 10:53 fort.95
-rw-rw-r-- 1 lauri lauri 283475 loka  10 10:53 fort.98
-rw-rw-r-- 1 lauri lauri    536 loka  10 10:53 PPAN.DAT
wave function binary file /home/lauri/Dropbox/nomad-dev/nomad-lab-base/parsers/crystal/parser/parser-crystal/crystalparser/regtest/crystal14/single_point/mgo.f9
file fort.98 saved as /home/lauri/Dropbox/nomad-dev/nomad-lab-base/parsers/crystal/parser/parser-crystal/crystalparser/regtest/crystal14/single_point/mgo.f98
file PPAN.DAT saved as /home/lauri/Dropbox/nomad-dev/nomad-lab-base/parsers/crystal/parser/parser-crystal/crystalparser/regtest/crystal14/single_point/mgo.ppan
file PPAN.DAT saved as /home/lauri/Dropbox/nomad-dev/nomad-lab-base/parsers/crystal/parser/parser-crystal/crystalparser/regtest/crystal14/single_point/mgo.ppan
temporary directory /home/lauri/tmp8613_lauri removed
